  姝ｅ湪纭畾瑕佽繕鍘熺殑椤圭洰鈥?
  鎵€鏈夐」鐩潎鏄渶鏂扮殑锛屾棤娉曡繕鍘熴€?
  OdysseyCards -> G:\dev\OdysseyCards\.godot\mono\temp\bin\Debug\OdysseyCards.dll

宸叉垚鍔熺敓鎴愩€?
    0 涓鍛?
    0 涓敊璇?

宸茬敤鏃堕棿 00:00:01.61
